---
source: macros/src/async_generic_target/trait_part/mod.rs
expression: formatted1
---
trait Foo<B> {}
trait FooAsync<B>: Send
where
    Self: Sync,
    T: Sync,
{}
