---
source: macros/src/async_generic_target/trait_part/mod.rs
expression: formatted1
---
trait Foo {}
trait FooAsync<'a>: Sized + Send + 'a {}
