---
source: macros/src/async_generic_target/fn/mod.rs
expression: formatted1
---
fn foo() {}
fn foo_async() {
    async move {}
}
