---
source: macros/src/async_generic_target/fn/mod.rs
expression: formatted
---
fn foo() {
    fn bar() {
        { 0 }
    }
}
async fn foo_async() {
    fn bar() {
        { 1 }
    }
}
