---
source: macros/src/async_generic_target/fn/mod.rs
expression: formatted_async
---
fn foo() {}
async fn foo_async() {}
