error: async_generic can only be used with functions, traits or impls
 --> src/tests/fail/no-struct.rs:3:1
  |
3 | #[async_generic]
  | ^^^^^^^^^^^^^^^^
  |
  = note: this error originates in the attribute macro `async_generic` (in Nightly builds, run with -Z macro-backtrace for more info)

error: expected `fn`
 --> src/tests/fail/no-struct.rs:4:1
  |
4 | struct Struct {}
  | ^^^^^^

error: expected `trait`
 --> src/tests/fail/no-struct.rs:4:1
  |
4 | struct Struct {}
  | ^^^^^^

error: expected `impl`
 --> src/tests/fail/no-struct.rs:4:1
  |
4 | struct Struct {}
  | ^^^^^^
