error: async_generic can only be used with functions
 --> src/tests/fail/no-trait.rs:3:1
  |
3 | #[async_generic]
  | ^^^^^^^^^^^^^^^^
  |
  = note: this error originates in the attribute macro `async_generic` (in Nightly builds, run with -Z macro-backtrace for more info)

error: expected `fn`
 --> src/tests/fail/no-trait.rs:4:1
  |
4 | trait Trait {
  | ^^^^^
